// Vitest Snapshot v1, https://vitest.dev/guide/snapshot.html

exports[`App component > renders homepage 1`] = `
<div>
  <h1>
    Homepage
  </h1>
</div>
`;
